[0m23:32:24.618945 [debug] [MainThread]: Sending event: {'category': 'dbt', 'action': 'invocation', 'label': 'start', 'context': [<snowplow_tracker.self_describing_json.SelfDescribingJson object at 0x00000271869E4FD0>, <snowplow_tracker.self_describing_json.SelfDescribingJson object at 0x0000027187CCFC10>, <snowplow_tracker.self_describing_json.SelfDescribingJson object at 0x0000027187CCFF70>]}


============================== 23:32:24.623465 | 992d6fcc-05f6-4eea-864c-0473f11d9ec5 ==============================
[0m23:32:24.623465 [info ] [MainThread]: Running with dbt=1.11.9
[0m23:32:24.624464 [debug] [MainThread]: running dbt with arguments {'static_parser': 'True', 'no_print': 'None', 'version_check': 'False', 'target_path': 'None', 'warn_error_options': 'WarnErrorOptionsV2(error=[], warn=[], silence=[])', 'printer_width': '80', 'write_json': 'True', 'introspect': 'True', 'log_cache_events': 'False', 'empty': 'None', 'cache_selected_only': 'False', 'fail_fast': 'False', 'debug': 'False', 'log_format': 'default', 'profiles_dir': 'C:\\Users\\kpaoi\\.dbt', 'send_anonymous_usage_stats': 'True', 'quiet': 'False', 'warn_error': 'None', 'partial_parse': 'True', 'indirect_selection': 'eager', 'use_colors': 'True', 'invocation_command': 'dbt init northwind_analytics --no-version-check', 'use_experimental_parser': 'False', 'log_path': 'logs'}
[0m23:32:24.644884 [info ] [MainThread]: Creating dbt configuration folder at C:\Users\kpaoi\.dbt
[0m23:32:24.647868 [debug] [MainThread]: Starter project path: c:\Users\kpaoi\Porfolio\SQL-Only Analytics Engineering Project\.venv\lib\site-packages\dbt\include\starter_project
[0m23:32:24.732592 [info ] [MainThread]: 
Your new dbt project "northwind_analytics" was created!

For more information on how to configure the profiles.yml file,
please consult the dbt documentation here:

  https://docs.getdbt.com/docs/configure-your-profile

One more thing:

Need help? Don't hesitate to reach out to us via GitHub issues or on Slack:

  https://community.getdbt.com/

Happy modeling!

[0m23:32:24.732592 [info ] [MainThread]: Setting up your profile.
[0m23:32:24.732592 [error] [MainThread]: Encountered an error:

[0m23:32:24.831590 [error] [MainThread]: Traceback (most recent call last):
  File "c:\Users\kpaoi\Porfolio\SQL-Only Analytics Engineering Project\.venv\lib\site-packages\dbt\cli\requires.py", line 182, in wrapper
    result, success = func(*args, **kwargs)
  File "c:\Users\kpaoi\Porfolio\SQL-Only Analytics Engineering Project\.venv\lib\site-packages\dbt\cli\requires.py", line 128, in wrapper
    return func(*args, **kwargs)
  File "c:\Users\kpaoi\Porfolio\SQL-Only Analytics Engineering Project\.venv\lib\site-packages\dbt\cli\main.py", line 488, in init
    results = task.run()
  File "c:\Users\kpaoi\Porfolio\SQL-Only Analytics Engineering Project\.venv\lib\site-packages\dbt\task\init.py", line 346, in run
    self.setup_profile(profile_name)
  File "c:\Users\kpaoi\Porfolio\SQL-Only Analytics Engineering Project\.venv\lib\site-packages\dbt\task\init.py", line 261, in setup_profile
    adapter = self.ask_for_adapter_choice()
  File "c:\Users\kpaoi\Porfolio\SQL-Only Analytics Engineering Project\.venv\lib\site-packages\dbt\task\init.py", line 242, in ask_for_adapter_choice
    numeric_choice = click.prompt(prompt_msg, type=click.INT)
  File "c:\Users\kpaoi\Porfolio\SQL-Only Analytics Engineering Project\.venv\lib\site-packages\click\termui.py", line 179, in prompt
    value = prompt_func(prompt)
  File "c:\Users\kpaoi\Porfolio\SQL-Only Analytics Engineering Project\.venv\lib\site-packages\click\termui.py", line 162, in prompt_func
    raise Abort() from None
click.exceptions.Abort

[0m23:32:24.831590 [debug] [MainThread]: Command `dbt init` failed at 23:32:24.831590 after 0.40 seconds
[0m23:32:24.831590 [debug] [MainThread]: Sending event: {'category': 'dbt', 'action': 'invocation', 'label': 'end', 'context': [<snowplow_tracker.self_describing_json.SelfDescribingJson object at 0x00000271869E4FD0>, <snowplow_tracker.self_describing_json.SelfDescribingJson object at 0x0000027187CCF520>, <snowplow_tracker.self_describing_json.SelfDescribingJson object at 0x0000027187C80310>]}
[0m23:32:24.831590 [debug] [MainThread]: Flushing usage events
[0m23:32:25.119074 [debug] [MainThread]: An error was encountered while trying to flush usage events
